{"level":"error","message":"TimeStamp: Fri Feb 09 2024 19:28:16 GMT+0530 (India Standard Time) error msg: ReferenceError: addCategories is not defined","service":"error-logging"}
{"level":"error","message":"TimeStamp: Sat Feb 10 2024 14:33:01 GMT+0530 (India Standard Time) error msg: ValidationError: password: Password should be between 8-12 characters and should have a special character","service":"error-logging"}
{"level":"error","message":"TimeStamp: Sat Feb 10 2024 14:33:24 GMT+0530 (India Standard Time) error msg: ValidationError: password: Password should be between 8-12 characters and should have a special character","service":"error-logging"}
{"level":"error","message":"TimeStamp: Sat Feb 10 2024 14:35:43 GMT+0530 (India Standard Time) error msg: TypeError: Cannot read properties of undefined (reading 'filename')","service":"error-logging"}
{"level":"error","message":"TimeStamp: Sat Feb 10 2024 14:36:31 GMT+0530 (India Standard Time) error msg: TypeError: Cannot read properties of undefined (reading 'db')","service":"error-logging"}
{"level":"error","message":"TimeStamp: Sat Feb 10 2024 14:36:31 GMT+0530 (India Standard Time) error msg: Error: Something went wrong with Database","service":"error-logging"}
{"level":"error","message":"TimeStamp: Sat Feb 10 2024 14:38:22 GMT+0530 (India Standard Time) error msg: ReferenceError: Authorization is not defined","service":"error-logging"}
{"level":"error","message":"TimeStamp: Sat Feb 10 2024 14:39:50 GMT+0530 (India Standard Time) error msg: CastError: Cast to ObjectId failed for value \"{ userID: '65c73c1dbd79963585c57f56' }\" (type Object) at path \"_id\" for model \"User\"","service":"error-logging"}
{"level":"error","message":"TimeStamp: Sat Feb 10 2024 14:39:50 GMT+0530 (India Standard Time) error msg: Error: Something went wrong with database","service":"error-logging"}
{"level":"error","message":"TimeStamp: Sat Feb 10 2024 14:42:18 GMT+0530 (India Standard Time) error msg: ReferenceError: ObjectId is not defined","service":"error-logging"}
{"level":"error","message":"TimeStamp: Sat Feb 10 2024 14:42:18 GMT+0530 (India Standard Time) error msg: Error: Something went wrong with database","service":"error-logging"}
{"level":"error","message":"TimeStamp: Sat Feb 10 2024 14:46:21 GMT+0530 (India Standard Time) error msg: ReferenceError: tokens is not defined","service":"error-logging"}
{"level":"error","message":"TimeStamp: Sat Feb 10 2024 14:46:21 GMT+0530 (India Standard Time) error msg: Error: Something went wrong with database","service":"error-logging"}
{"level":"error","message":"TimeStamp: Sat Feb 10 2024 14:47:26 GMT+0530 (India Standard Time) error msg: ReferenceError: tokens is not defined","service":"error-logging"}
{"level":"error","message":"TimeStamp: Sat Feb 10 2024 14:47:26 GMT+0530 (India Standard Time) error msg: Error: Something went wrong with database","service":"error-logging"}
{"level":"error","message":"TimeStamp: Sat Feb 10 2024 14:55:45 GMT+0530 (India Standard Time) error msg: CastError: Cast to ObjectId failed for value \"{ userID: '65c73c1dbd79963585c57f56' }\" (type Object) at path \"_id\" for model \"User\"","service":"error-logging"}
{"level":"error","message":"TimeStamp: Sat Feb 10 2024 14:55:45 GMT+0530 (India Standard Time) error msg: Error: Something went wrong with database","service":"error-logging"}
{"level":"error","message":"TimeStamp: Sat Feb 10 2024 14:56:26 GMT+0530 (India Standard Time) error msg: Error: Invalid atomic update value for $pullAll. Expected an object, received string","service":"error-logging"}
{"level":"error","message":"TimeStamp: Sat Feb 10 2024 14:56:26 GMT+0530 (India Standard Time) error msg: Error: Something went wrong with database","service":"error-logging"}
{"level":"error","message":"TimeStamp: Sat Feb 10 2024 15:01:45 GMT+0530 (India Standard Time) error msg: TypeError: Cannot read properties of undefined (reading 'db')","service":"error-logging"}
{"level":"error","message":"TimeStamp: Sat Feb 10 2024 15:01:45 GMT+0530 (India Standard Time) error msg: Error: Something went wrong with Database","service":"error-logging"}
{"level":"error","message":"TimeStamp: Sat Feb 10 2024 15:01:57 GMT+0530 (India Standard Time) error msg: MongoServerError: E11000 duplicate key error collection: postwaydb.users index: email_1 dup key: { email: \"gaurav.tripathi1010@codingninjas.com\" }","service":"error-logging"}
{"level":"error","message":"TimeStamp: Sat Feb 10 2024 15:01:57 GMT+0530 (India Standard Time) error msg: Error: Something went wrong with database","service":"error-logging"}
{"level":"error","message":"TimeStamp: Sat Feb 10 2024 15:07:29 GMT+0530 (India Standard Time) error msg: CastError: Cast to ObjectId failed for value \"{ userID: '65c73c1dbd79963585c57f56' }\" (type Object) at path \"_id\" for model \"User\"","service":"error-logging"}
{"level":"error","message":"TimeStamp: Sat Feb 10 2024 15:07:29 GMT+0530 (India Standard Time) error msg: Error: Something went wrong with database","service":"error-logging"}
{"level":"error","message":"TimeStamp: Sat Feb 10 2024 15:20:17 GMT+0530 (India Standard Time) error msg: ReferenceError: errorHandlerMiddleware is not defined","service":"error-logging"}
{"level":"error","message":"TimeStamp: Sat Feb 10 2024 15:21:00 GMT+0530 (India Standard Time) error msg: ReferenceError: token is not defined","service":"error-logging"}
{"level":"error","message":"TimeStamp: Sat Feb 10 2024 15:21:00 GMT+0530 (India Standard Time) error msg: ReferenceError: ApplicationError is not defined","service":"error-logging"}
{"level":"error","message":"TimeStamp: Sat Feb 10 2024 15:21:26 GMT+0530 (India Standard Time) error msg: ReferenceError: token is not defined","service":"error-logging"}
{"level":"error","message":"TimeStamp: Sat Feb 10 2024 15:21:26 GMT+0530 (India Standard Time) error msg: Error: Something went wrong with database","service":"error-logging"}
{"level":"error","message":"TimeStamp: Sat Feb 10 2024 15:31:38 GMT+0530 (India Standard Time) error msg: Error: No such user found","service":"error-logging"}
{"level":"error","message":"TimeStamp: Sat Feb 10 2024 15:31:38 GMT+0530 (India Standard Time) error msg: Error: Something went wrong with database","service":"error-logging"}
{"level":"error","message":"TimeStamp: Sat Feb 10 2024 15:48:07 GMT+0530 (India Standard Time) error msg: TypeError: Cannot read properties of undefined (reading 'filename')","service":"error-logging"}
{"level":"error","message":"TimeStamp: Sat Feb 10 2024 15:54:53 GMT+0530 (India Standard Time) error msg: TypeError: Cannot read properties of undefined (reading 'filename')","service":"error-logging"}
{"level":"error","message":"TimeStamp: Sat Feb 10 2024 15:56:16 GMT+0530 (India Standard Time) error msg: TypeError: Cannot read properties of undefined (reading 'filename')","service":"error-logging"}
{"level":"error","message":"TimeStamp: Sat Feb 10 2024 15:57:08 GMT+0530 (India Standard Time) error msg: TypeError: Cannot read properties of undefined (reading 'filename')","service":"error-logging"}
{"level":"error","message":"TimeStamp: Sat Feb 10 2024 16:14:56 GMT+0530 (India Standard Time) error msg: ReferenceError: createdRecord is not defined","service":"error-logging"}
{"level":"error","message":"TimeStamp: Sat Feb 10 2024 16:16:03 GMT+0530 (India Standard Time) error msg: TypeError: Cannot read properties of undefined (reading 'filename')","service":"error-logging"}
{"level":"error","message":"TimeStamp: Sat Feb 10 2024 16:20:53 GMT+0530 (India Standard Time) error msg: TypeError: Cannot read properties of undefined (reading 'filename')","service":"error-logging"}
{"level":"error","message":"TimeStamp: Sat Feb 10 2024 16:21:36 GMT+0530 (India Standard Time) error msg: MongoServerError: E11000 duplicate key error collection: postwaydb.posts index: _id_ dup key: { _id: ObjectId('65c7461b649189a7bcb02cb3') }","service":"error-logging"}
{"level":"error","message":"TimeStamp: Sat Feb 10 2024 16:21:36 GMT+0530 (India Standard Time) error msg: Error: Something went wrong with Database","service":"error-logging"}
{"level":"error","message":"TimeStamp: Sat Feb 10 2024 16:22:16 GMT+0530 (India Standard Time) error msg: MongoServerError: E11000 duplicate key error collection: postwaydb.posts index: _id_ dup key: { _id: ObjectId('65c7461b649189a7bcb02cb3') }","service":"error-logging"}
{"level":"error","message":"TimeStamp: Sat Feb 10 2024 16:22:16 GMT+0530 (India Standard Time) error msg: Error: Something went wrong with Database","service":"error-logging"}
{"level":"error","message":"TimeStamp: Sat Feb 10 2024 16:25:16 GMT+0530 (India Standard Time) error msg: MongoServerError: E11000 duplicate key error collection: postwaydb.posts index: _id_ dup key: { _id: ObjectId('65c7461b649189a7bcb02cb3') }","service":"error-logging"}
{"level":"error","message":"TimeStamp: Sat Feb 10 2024 16:25:16 GMT+0530 (India Standard Time) error msg: Error: Something went wrong with Database","service":"error-logging"}
{"level":"error","message":"TimeStamp: Sat Feb 10 2024 16:25:51 GMT+0530 (India Standard Time) error msg: ValidationError: _id: Cast to ObjectId failed for value \"NaN\" (type number) at path \"_id\" because of \"BSONError\"","service":"error-logging"}
{"level":"error","message":"TimeStamp: Sat Feb 10 2024 16:25:51 GMT+0530 (India Standard Time) error msg: Error: Something went wrong with Database","service":"error-logging"}
{"level":"error","message":"TimeStamp: Sat Feb 10 2024 16:27:22 GMT+0530 (India Standard Time) error msg: ValidationError: userId: Cast to ObjectId failed for value \"[Object: null prototype] { caption: \"Let's dive \" }\" (type object) at path \"userId\" because of \"BSONError\"","service":"error-logging"}
{"level":"error","message":"TimeStamp: Sat Feb 10 2024 16:27:22 GMT+0530 (India Standard Time) error msg: Error: Something went wrong with Database","service":"error-logging"}
{"level":"error","message":"TimeStamp: Sat Feb 10 2024 16:28:41 GMT+0530 (India Standard Time) error msg: ValidationError: userId: Cast to ObjectId failed for value \"[Object: null prototype] { caption: \"Let's dive \" }\" (type object) at path \"userId\" because of \"BSONError\"","service":"error-logging"}
{"level":"error","message":"TimeStamp: Sat Feb 10 2024 16:28:41 GMT+0530 (India Standard Time) error msg: Error: Something went wrong with Database","service":"error-logging"}
{"level":"error","message":"TimeStamp: Sat Feb 10 2024 16:29:31 GMT+0530 (India Standard Time) error msg: ReferenceError: ObjectId is not defined","service":"error-logging"}
{"level":"error","message":"TimeStamp: Sat Feb 10 2024 16:29:58 GMT+0530 (India Standard Time) error msg: ValidationError: userId: Cast to ObjectId failed for value \"[Object: null prototype] { caption: \"Let's dive \" }\" (type object) at path \"userId\" because of \"BSONError\"","service":"error-logging"}
{"level":"error","message":"TimeStamp: Sat Feb 10 2024 16:29:58 GMT+0530 (India Standard Time) error msg: Error: Something went wrong with Database","service":"error-logging"}
{"level":"error","message":"TimeStamp: Sat Feb 10 2024 16:30:32 GMT+0530 (India Standard Time) error msg: ValidationError: userId: Cast to ObjectId failed for value \"[Object: null prototype] { caption: \"Let's dive \" }\" (type object) at path \"userId\" because of \"BSONError\"","service":"error-logging"}
{"level":"error","message":"TimeStamp: Sat Feb 10 2024 16:30:32 GMT+0530 (India Standard Time) error msg: Error: Something went wrong with Database","service":"error-logging"}
{"level":"error","message":"TimeStamp: Sat Feb 10 2024 16:30:52 GMT+0530 (India Standard Time) error msg: ValidationError: userId: Cast to ObjectId failed for value \"[Object: null prototype] { caption: \"Let's dive \" }\" (type object) at path \"userId\" because of \"BSONError\", _id: Cast to ObjectId failed for value \"SchemaObjectId {\n  path: '65c7461b649189a7bcb02cb3',\n  instance: 'ObjectId',\n  validators: [],\n  getters: [],\n  setters: [],\n  _presplitPath: [ '65c7461b649189a7bcb02cb3' ],\n  options: SchemaObjectIdOptions {},\n  _index: null,\n  [Symbol(mongoose#schemaType)]: true\n}\" (type SchemaObjectId) at path \"_id\" because of \"BSONError\"","service":"error-logging"}
{"level":"error","message":"TimeStamp: Sat Feb 10 2024 16:30:52 GMT+0530 (India Standard Time) error msg: Error: Something went wrong with Database","service":"error-logging"}
{"level":"error","message":"TimeStamp: Sat Feb 10 2024 16:33:21 GMT+0530 (India Standard Time) error msg: ValidationError: userId: Cast to ObjectId failed for value \"[Object: null prototype] { caption: \"Let's dive in\" }\" (type object) at path \"userId\" because of \"BSONError\"","service":"error-logging"}
{"level":"error","message":"TimeStamp: Sat Feb 10 2024 16:33:21 GMT+0530 (India Standard Time) error msg: Error: Something went wrong with Database","service":"error-logging"}
{"level":"error","message":"TimeStamp: Sat Feb 10 2024 16:35:00 GMT+0530 (India Standard Time) error msg: ValidationError: caption: Cast to string failed for value \"[Object: null prototype] { caption: \"Let's dive in\" }\" (type object) at path \"caption\"","service":"error-logging"}
{"level":"error","message":"TimeStamp: Sat Feb 10 2024 16:35:00 GMT+0530 (India Standard Time) error msg: Error: Something went wrong with Database","service":"error-logging"}
{"level":"error","message":"TimeStamp: Sat Feb 10 2024 16:35:46 GMT+0530 (India Standard Time) error msg: ValidationError: caption: Cast to string failed for value \"[Object: null prototype] { caption: `\"Let's dive in\"` }\" (type object) at path \"caption\"","service":"error-logging"}
{"level":"error","message":"TimeStamp: Sat Feb 10 2024 16:35:46 GMT+0530 (India Standard Time) error msg: Error: Something went wrong with Database","service":"error-logging"}
{"level":"error","message":"TimeStamp: Sat Feb 10 2024 16:36:42 GMT+0530 (India Standard Time) error msg: TypeError: Cannot read properties of undefined (reading 'filename')","service":"error-logging"}
{"level":"error","message":"TimeStamp: Sat Feb 10 2024 16:37:02 GMT+0530 (India Standard Time) error msg: ValidationError: caption: Cast to string failed for value \"[Object: null prototype] { caption: \"Let's dive in MERN \" }\" (type object) at path \"caption\"","service":"error-logging"}
{"level":"error","message":"TimeStamp: Sat Feb 10 2024 16:37:02 GMT+0530 (India Standard Time) error msg: Error: Something went wrong with Database","service":"error-logging"}
{"level":"error","message":"TimeStamp: Sat Feb 10 2024 16:38:43 GMT+0530 (India Standard Time) error msg: ValidationError: caption: Cast to string failed for value \"[Object: null prototype] { caption: \"Let's dive in MERN \" }\" (type object) at path \"caption\"","service":"error-logging"}
{"level":"error","message":"TimeStamp: Sat Feb 10 2024 16:38:43 GMT+0530 (India Standard Time) error msg: Error: Something went wrong with Database","service":"error-logging"}
{"level":"error","message":"TimeStamp: Sat Feb 10 2024 16:39:36 GMT+0530 (India Standard Time) error msg: ValidationError: caption: Cast to string failed for value \"[Object: null prototype] { caption: \"Let's dive in MERN \" }\" (type object) at path \"caption\"","service":"error-logging"}
{"level":"error","message":"TimeStamp: Sat Feb 10 2024 16:39:36 GMT+0530 (India Standard Time) error msg: Error: Something went wrong with Database","service":"error-logging"}
{"level":"error","message":"TimeStamp: Sat Feb 10 2024 16:41:21 GMT+0530 (India Standard Time) error msg: ValidationError: caption: Cast to string failed for value \"[Object: null prototype] {}\" (type object) at path \"caption\"","service":"error-logging"}
{"level":"error","message":"TimeStamp: Sat Feb 10 2024 16:41:21 GMT+0530 (India Standard Time) error msg: Error: Something went wrong with Database","service":"error-logging"}
{"level":"error","message":"TimeStamp: Sat Feb 10 2024 17:04:44 GMT+0530 (India Standard Time) error msg: ValidationError: caption: Cast to string failed for value \"[Object: null prototype] { caption: \"Let's dive in MERN \" }\" (type object) at path \"caption\"","service":"error-logging"}
{"level":"error","message":"TimeStamp: Sat Feb 10 2024 17:04:44 GMT+0530 (India Standard Time) error msg: Error: Something went wrong with Database","service":"error-logging"}
{"level":"error","message":"TimeStamp: Sat Feb 10 2024 17:07:35 GMT+0530 (India Standard Time) error msg: ValidationError: caption: Cast to string failed for value \"[Object: null prototype] { caption: \"Let's dive in MERN \" }\" (type object) at path \"caption\"","service":"error-logging"}
{"level":"error","message":"TimeStamp: Sat Feb 10 2024 17:07:35 GMT+0530 (India Standard Time) error msg: Error: Something went wrong with Database","service":"error-logging"}
{"level":"error","message":"TimeStamp: Sat Feb 10 2024 17:09:32 GMT+0530 (India Standard Time) error msg: ValidationError: caption: Cast to string failed for value \"[Object: null prototype] { caption: \"Let's dive in MERN \" }\" (type object) at path \"caption\"","service":"error-logging"}
{"level":"error","message":"TimeStamp: Sat Feb 10 2024 17:09:32 GMT+0530 (India Standard Time) error msg: Error: Something went wrong with Database","service":"error-logging"}
{"level":"error","message":"TimeStamp: Sat Feb 10 2024 17:13:09 GMT+0530 (India Standard Time) error msg: ValidationError: caption: Cast to string failed for value \"[Object: null prototype] { caption: \"Let's dive in MERN \" }\" (type object) at path \"caption\"","service":"error-logging"}
{"level":"error","message":"TimeStamp: Sat Feb 10 2024 17:13:09 GMT+0530 (India Standard Time) error msg: Error: Something went wrong with Database","service":"error-logging"}
{"level":"error","message":"TimeStamp: Sat Feb 10 2024 17:14:32 GMT+0530 (India Standard Time) error msg: ValidationError: caption: Cast to string failed for value \"[Object: null prototype] { caption: \"Let's dive in MERN \" }\" (type object) at path \"caption\"","service":"error-logging"}
{"level":"error","message":"TimeStamp: Sat Feb 10 2024 17:14:32 GMT+0530 (India Standard Time) error msg: Error: Something went wrong with Database","service":"error-logging"}
{"level":"error","message":"TimeStamp: Sat Feb 10 2024 17:16:26 GMT+0530 (India Standard Time) error msg: ValidationError: caption: Cast to string failed for value \"[Object: null prototype] { caption: \"Let's dive in MERN \" }\" (type object) at path \"caption\"","service":"error-logging"}
{"level":"error","message":"TimeStamp: Sat Feb 10 2024 17:16:26 GMT+0530 (India Standard Time) error msg: Error: Something went wrong with Database","service":"error-logging"}
{"level":"error","message":"TimeStamp: Sat Feb 10 2024 17:17:02 GMT+0530 (India Standard Time) error msg: TypeError: Cannot read properties of undefined (reading 'filename')","service":"error-logging"}
{"level":"error","message":"TimeStamp: Sat Feb 10 2024 17:35:43 GMT+0530 (India Standard Time) error msg: TypeError: Cannot read properties of undefined (reading 'db')","service":"error-logging"}
{"level":"error","message":"TimeStamp: Sat Feb 10 2024 17:35:43 GMT+0530 (India Standard Time) error msg: Error: Something went wrong with Database","service":"error-logging"}
{"level":"error","message":"TimeStamp: Sat Feb 10 2024 17:37:52 GMT+0530 (India Standard Time) error msg: StrictPopulateError: Cannot populate path `user` because it is not in your schema. Set the `strictPopulate` option to false to override.","service":"error-logging"}
{"level":"error","message":"TimeStamp: Sat Feb 10 2024 17:37:52 GMT+0530 (India Standard Time) error msg: Error: Something went wrong with Database","service":"error-logging"}
{"level":"error","message":"TimeStamp: Sat Feb 10 2024 17:39:38 GMT+0530 (India Standard Time) error msg: TypeError: Cannot read properties of undefined (reading 'db')","service":"error-logging"}
{"level":"error","message":"TimeStamp: Sat Feb 10 2024 17:39:39 GMT+0530 (India Standard Time) error msg: Error: Something went wrong with Database","service":"error-logging"}
{"level":"error","message":"TimeStamp: Sat Feb 10 2024 17:42:31 GMT+0530 (India Standard Time) error msg: CastError: Cast to ObjectId failed for value \"65c76399150e2ba883577dd\" (type string) at path \"_id\" for model \"Posts\"","service":"error-logging"}
{"level":"error","message":"TimeStamp: Sat Feb 10 2024 17:42:31 GMT+0530 (India Standard Time) error msg: Error: Something went wrong with Database","service":"error-logging"}
{"level":"error","message":"TimeStamp: Sat Feb 10 2024 17:45:02 GMT+0530 (India Standard Time) error msg: RangeError [ERR_HTTP_INVALID_STATUS_CODE]: Invalid status code: 0","service":"error-logging"}
{"level":"error","message":"TimeStamp: Sat Feb 10 2024 17:46:19 GMT+0530 (India Standard Time) error msg: RangeError [ERR_HTTP_INVALID_STATUS_CODE]: Invalid status code: 0","service":"error-logging"}
{"level":"error","message":"TimeStamp: Sat Feb 10 2024 17:46:28 GMT+0530 (India Standard Time) error msg: CastError: Cast to ObjectId failed for value \"{ postID: '65c7667a2859b34a4ce280de' }\" (type Object) at path \"_id\" for model \"Posts\"","service":"error-logging"}
{"level":"error","message":"TimeStamp: Sat Feb 10 2024 17:46:28 GMT+0530 (India Standard Time) error msg: Error: Something went wrong with Database","service":"error-logging"}
{"level":"error","message":"TimeStamp: Sat Feb 10 2024 17:47:22 GMT+0530 (India Standard Time) error msg: RangeError [ERR_HTTP_INVALID_STATUS_CODE]: Invalid status code: 0","service":"error-logging"}
{"level":"error","message":"TimeStamp: Sat Feb 10 2024 17:48:14 GMT+0530 (India Standard Time) error msg: RangeError [ERR_HTTP_INVALID_STATUS_CODE]: Invalid status code: 0","service":"error-logging"}
{"level":"error","message":"TimeStamp: Sat Feb 10 2024 17:51:06 GMT+0530 (India Standard Time) error msg: ReferenceError: updatedPost is not defined","service":"error-logging"}
{"level":"error","message":"TimeStamp: Sat Feb 10 2024 18:06:19 GMT+0530 (India Standard Time) error msg: ValidationError: content: Cast to string failed for value \"{ content: 'This is a nice post' }\" (type Object) at path \"content\"","service":"error-logging"}
{"level":"error","message":"TimeStamp: Sat Feb 10 2024 18:06:19 GMT+0530 (India Standard Time) error msg: Error: Something went wrong with Database","service":"error-logging"}
{"level":"error","message":"TimeStamp: Sat Feb 10 2024 18:12:17 GMT+0530 (India Standard Time) error msg: TypeError: Cannot read properties of null (reading 'user')","service":"error-logging"}
{"level":"error","message":"TimeStamp: Sat Feb 10 2024 18:12:17 GMT+0530 (India Standard Time) error msg: Error: Something went wrong with Database","service":"error-logging"}
{"level":"error","message":"TimeStamp: Sat Feb 10 2024 18:13:40 GMT+0530 (India Standard Time) error msg: TypeError: Cannot read properties of null (reading 'userID')","service":"error-logging"}
{"level":"error","message":"TimeStamp: Sat Feb 10 2024 18:13:40 GMT+0530 (India Standard Time) error msg: Error: Something went wrong with Database","service":"error-logging"}
{"level":"error","message":"TimeStamp: Sat Feb 10 2024 18:22:05 GMT+0530 (India Standard Time) error msg: CastError: Cast to ObjectId failed for value \"{ postID: '65c766672859b34a4ce280dc' }\" (type Object) at path \"_id\" for model \"Post\"","service":"error-logging"}
{"level":"error","message":"TimeStamp: Sat Feb 10 2024 18:22:05 GMT+0530 (India Standard Time) error msg: Error: Something went wrong with Database","service":"error-logging"}
{"level":"error","message":"TimeStamp: Sat Feb 10 2024 18:22:34 GMT+0530 (India Standard Time) error msg: CastError: Cast to ObjectId failed for value \"Nice post budyy\" (type string) at path \"comments\" because of \"BSONError\"","service":"error-logging"}
{"level":"error","message":"TimeStamp: Sat Feb 10 2024 18:22:34 GMT+0530 (India Standard Time) error msg: Error: Something went wrong with Database","service":"error-logging"}
{"level":"error","message":"TimeStamp: Sat Feb 10 2024 18:22:48 GMT+0530 (India Standard Time) error msg: CastError: Cast to ObjectId failed for value \"Nice post budyy\" (type string) at path \"comments\" because of \"BSONError\"","service":"error-logging"}
{"level":"error","message":"TimeStamp: Sat Feb 10 2024 18:22:48 GMT+0530 (India Standard Time) error msg: Error: Something went wrong with Database","service":"error-logging"}
{"level":"error","message":"TimeStamp: Sat Feb 10 2024 18:24:22 GMT+0530 (India Standard Time) error msg: CastError: Cast to ObjectId failed for value \"Nice post budyy\" (type string) at path \"comments\" because of \"BSONError\"","service":"error-logging"}
{"level":"error","message":"TimeStamp: Sat Feb 10 2024 18:24:22 GMT+0530 (India Standard Time) error msg: Error: Something went wrong with Database","service":"error-logging"}
{"level":"error","message":"TimeStamp: Sat Feb 10 2024 18:29:51 GMT+0530 (India Standard Time) error msg: StrictPopulateError: Cannot populate path `user` because it is not in your schema. Set the `strictPopulate` option to false to override.","service":"error-logging"}
{"level":"error","message":"TimeStamp: Sat Feb 10 2024 18:29:51 GMT+0530 (India Standard Time) error msg: Error: Something went wrong with Database","service":"error-logging"}
{"level":"error","message":"TimeStamp: Sat Feb 10 2024 18:51:22 GMT+0530 (India Standard Time) error msg: CastError: Cast to ObjectId failed for value \"{ id: new ObjectId('65c77846fbb53fb6a9386469') }\" (type Object) at path \"_id\" for model \"Like\"","service":"error-logging"}
{"level":"error","message":"TimeStamp: Sat Feb 10 2024 18:51:22 GMT+0530 (India Standard Time) error msg: Error: Something went wrong with Database","service":"error-logging"}
{"level":"error","message":"TimeStamp: Sat Feb 10 2024 19:05:19 GMT+0530 (India Standard Time) error msg: MongoServerError: unknown top level operator: $in. If you have a field name that starts with a '$' symbol, consider using $getField or $setField.","service":"error-logging"}
{"level":"error","message":"TimeStamp: Sat Feb 10 2024 19:05:19 GMT+0530 (India Standard Time) error msg: Error: Something went wrong with Database","service":"error-logging"}
{"level":"error","message":"TimeStamp: Sat Feb 10 2024 19:05:27 GMT+0530 (India Standard Time) error msg: MongoServerError: unknown top level operator: $in. If you have a field name that starts with a '$' symbol, consider using $getField or $setField.","service":"error-logging"}
{"level":"error","message":"TimeStamp: Sat Feb 10 2024 19:05:27 GMT+0530 (India Standard Time) error msg: Error: Something went wrong with Database","service":"error-logging"}
{"level":"error","message":"TimeStamp: Sat Feb 10 2024 19:07:14 GMT+0530 (India Standard Time) error msg: MongoServerError: unknown top level operator: $in. If you have a field name that starts with a '$' symbol, consider using $getField or $setField.","service":"error-logging"}
{"level":"error","message":"TimeStamp: Sat Feb 10 2024 19:07:14 GMT+0530 (India Standard Time) error msg: Error: Something went wrong with Database","service":"error-logging"}
{"level":"error","message":"TimeStamp: Sat Feb 10 2024 19:11:44 GMT+0530 (India Standard Time) error msg: TypeError: Cannot read properties of undefined (reading 'contains')","service":"error-logging"}
{"level":"error","message":"TimeStamp: Sat Feb 10 2024 19:11:44 GMT+0530 (India Standard Time) error msg: Error: Something went wrong with Database","service":"error-logging"}
{"level":"error","message":"TimeStamp: Sat Feb 10 2024 19:12:27 GMT+0530 (India Standard Time) error msg: TypeError: Cannot read properties of undefined (reading 'contains')","service":"error-logging"}
{"level":"error","message":"TimeStamp: Sat Feb 10 2024 19:12:27 GMT+0530 (India Standard Time) error msg: Error: Something went wrong with Database","service":"error-logging"}
{"level":"error","message":"TimeStamp: Sat Feb 10 2024 19:13:40 GMT+0530 (India Standard Time) error msg: TypeError: Cannot read properties of undefined (reading 'find')","service":"error-logging"}
{"level":"error","message":"TimeStamp: Sat Feb 10 2024 19:13:40 GMT+0530 (India Standard Time) error msg: Error: Something went wrong with Database","service":"error-logging"}
{"level":"error","message":"TimeStamp: Sat Feb 10 2024 19:14:38 GMT+0530 (India Standard Time) error msg: TypeError: Cannot read properties of undefined (reading 'find')","service":"error-logging"}
{"level":"error","message":"TimeStamp: Sat Feb 10 2024 19:14:38 GMT+0530 (India Standard Time) error msg: Error: Something went wrong with Database","service":"error-logging"}
{"level":"error","message":"TimeStamp: Sat Feb 10 2024 19:16:21 GMT+0530 (India Standard Time) error msg: MongoServerError: unknown top level operator: $in. If you have a field name that starts with a '$' symbol, consider using $getField or $setField.","service":"error-logging"}
{"level":"error","message":"TimeStamp: Sat Feb 10 2024 19:16:21 GMT+0530 (India Standard Time) error msg: Error: Something went wrong with Database","service":"error-logging"}
